C:/Users/Jessie/Documents/TouchGFXProjects/uart_basic_noScreenDisplay/TouchGFX/Target/generated/nema_hal.c:62:6:HAL_GPU2D_CommandListCpltCallback	0	static
C:/Users/Jessie/Documents/TouchGFXProjects/uart_basic_noScreenDisplay/TouchGFX/Target/generated/nema_hal.c:111:10:nema_reg_read	0	static
C:/Users/Jessie/Documents/TouchGFXProjects/uart_basic_noScreenDisplay/TouchGFX/Target/generated/nema_hal.c:116:6:nema_reg_write	0	static
C:/Users/Jessie/Documents/TouchGFXProjects/uart_basic_noScreenDisplay/TouchGFX/Target/generated/nema_hal.c:121:5:nema_wait_irq	8	static
C:/Users/Jessie/Documents/TouchGFXProjects/uart_basic_noScreenDisplay/TouchGFX/Target/generated/nema_hal.c:129:5:nema_wait_irq_cl	16	static
C:/Users/Jessie/Documents/TouchGFXProjects/uart_basic_noScreenDisplay/TouchGFX/Target/generated/nema_hal.c:139:5:nema_wait_irq_brk	8	static
C:/Users/Jessie/Documents/TouchGFXProjects/uart_basic_noScreenDisplay/TouchGFX/Target/generated/nema_hal.c:149:6:nema_host_free	0	static
C:/Users/Jessie/Documents/TouchGFXProjects/uart_basic_noScreenDisplay/TouchGFX/Target/generated/nema_hal.c:154:7:nema_host_malloc	0	static
C:/Users/Jessie/Documents/TouchGFXProjects/uart_basic_noScreenDisplay/TouchGFX/Target/generated/nema_hal.c:159:15:nema_buffer_create	32	static
C:/Users/Jessie/Documents/TouchGFXProjects/uart_basic_noScreenDisplay/TouchGFX/Target/generated/nema_hal.c:74:9:nema_sys_init	48	static
C:/Users/Jessie/Documents/TouchGFXProjects/uart_basic_noScreenDisplay/TouchGFX/Target/generated/nema_hal.c:171:15:nema_buffer_create_pool	32	static
C:/Users/Jessie/Documents/TouchGFXProjects/uart_basic_noScreenDisplay/TouchGFX/Target/generated/nema_hal.c:184:7:nema_buffer_map	0	static
C:/Users/Jessie/Documents/TouchGFXProjects/uart_basic_noScreenDisplay/TouchGFX/Target/generated/nema_hal.c:189:6:nema_buffer_unmap	0	static
C:/Users/Jessie/Documents/TouchGFXProjects/uart_basic_noScreenDisplay/TouchGFX/Target/generated/nema_hal.c:195:6:nema_buffer_destroy	8	static
C:/Users/Jessie/Documents/TouchGFXProjects/uart_basic_noScreenDisplay/TouchGFX/Target/generated/nema_hal.c:210:11:nema_buffer_phys	0	static
C:/Users/Jessie/Documents/TouchGFXProjects/uart_basic_noScreenDisplay/TouchGFX/Target/generated/nema_hal.c:215:6:nema_buffer_flush	0	static
C:/Users/Jessie/Documents/TouchGFXProjects/uart_basic_noScreenDisplay/TouchGFX/Target/generated/nema_hal.c:221:5:nema_mutex_lock	0	static
C:/Users/Jessie/Documents/TouchGFXProjects/uart_basic_noScreenDisplay/TouchGFX/Target/generated/nema_hal.c:233:5:nema_mutex_unlock	0	static
