C:/Users/Jessie/Documents/TouchGFXProjects/uart_basic_noScreenDisplay/Drivers/STM32U5xx_HAL_Driver/Src/stm32u5xx_hal_dsi.c:251:26:DSI_ShortWrite.constprop	24	static
C:/Users/Jessie/Documents/TouchGFXProjects/uart_basic_noScreenDisplay/Drivers/STM32U5xx_HAL_Driver/Src/stm32u5xx_hal_dsi.c:629:19:HAL_DSI_ConfigErrorMonitor	0	static
C:/Users/Jessie/Documents/TouchGFXProjects/uart_basic_noScreenDisplay/Drivers/STM32U5xx_HAL_Driver/Src/stm32u5xx_hal_dsi.c:717:13:HAL_DSI_MspInit	0	static
C:/Users/Jessie/Documents/TouchGFXProjects/uart_basic_noScreenDisplay/Drivers/STM32U5xx_HAL_Driver/Src/stm32u5xx_hal_dsi.c:404:19:HAL_DSI_Init	32	static
C:/Users/Jessie/Documents/TouchGFXProjects/uart_basic_noScreenDisplay/Drivers/STM32U5xx_HAL_Driver/Src/stm32u5xx_hal_dsi.c:732:13:HAL_DSI_MspDeInit	0	static
C:/Users/Jessie/Documents/TouchGFXProjects/uart_basic_noScreenDisplay/Drivers/STM32U5xx_HAL_Driver/Src/stm32u5xx_hal_dsi.c:571:19:HAL_DSI_DeInit	32	static
C:/Users/Jessie/Documents/TouchGFXProjects/uart_basic_noScreenDisplay/Drivers/STM32U5xx_HAL_Driver/Src/stm32u5xx_hal_dsi.c:1073:13:HAL_DSI_TearingEffectCallback	0	static
C:/Users/Jessie/Documents/TouchGFXProjects/uart_basic_noScreenDisplay/Drivers/STM32U5xx_HAL_Driver/Src/stm32u5xx_hal_dsi.c:1088:13:HAL_DSI_EndOfRefreshCallback	0	static
C:/Users/Jessie/Documents/TouchGFXProjects/uart_basic_noScreenDisplay/Drivers/STM32U5xx_HAL_Driver/Src/stm32u5xx_hal_dsi.c:1103:13:HAL_DSI_ErrorCallback	0	static
C:/Users/Jessie/Documents/TouchGFXProjects/uart_basic_noScreenDisplay/Drivers/STM32U5xx_HAL_Driver/Src/stm32u5xx_hal_dsi.c:947:6:HAL_DSI_IRQHandler	8	static
C:/Users/Jessie/Documents/TouchGFXProjects/uart_basic_noScreenDisplay/Drivers/STM32U5xx_HAL_Driver/Src/stm32u5xx_hal_dsi.c:1163:19:HAL_DSI_SetGenericVCIDRX	0	static
C:/Users/Jessie/Documents/TouchGFXProjects/uart_basic_noScreenDisplay/Drivers/STM32U5xx_HAL_Driver/Src/stm32u5xx_hal_dsi.c:1185:19:HAL_DSI_SetGenericVCIDTX	0	static
C:/Users/Jessie/Documents/TouchGFXProjects/uart_basic_noScreenDisplay/Drivers/STM32U5xx_HAL_Driver/Src/stm32u5xx_hal_dsi.c:1206:19:HAL_DSI_SetGenericVCID	0	static
C:/Users/Jessie/Documents/TouchGFXProjects/uart_basic_noScreenDisplay/Drivers/STM32U5xx_HAL_Driver/Src/stm32u5xx_hal_dsi.c:1230:19:HAL_DSI_ConfigVideoMode	16	static
C:/Users/Jessie/Documents/TouchGFXProjects/uart_basic_noScreenDisplay/Drivers/STM32U5xx_HAL_Driver/Src/stm32u5xx_hal_dsi.c:1380:19:HAL_DSI_ConfigAdaptedCommandMode	12	static
C:/Users/Jessie/Documents/TouchGFXProjects/uart_basic_noScreenDisplay/Drivers/STM32U5xx_HAL_Driver/Src/stm32u5xx_hal_dsi.c:1451:19:HAL_DSI_ConfigCommand	12	static
C:/Users/Jessie/Documents/TouchGFXProjects/uart_basic_noScreenDisplay/Drivers/STM32U5xx_HAL_Driver/Src/stm32u5xx_hal_dsi.c:1514:19:HAL_DSI_ConfigFlowControl	0	static
C:/Users/Jessie/Documents/TouchGFXProjects/uart_basic_noScreenDisplay/Drivers/STM32U5xx_HAL_Driver/Src/stm32u5xx_hal_dsi.c:1540:19:HAL_DSI_ConfigPhyTimer	12	static
C:/Users/Jessie/Documents/TouchGFXProjects/uart_basic_noScreenDisplay/Drivers/STM32U5xx_HAL_Driver/Src/stm32u5xx_hal_dsi.c:1593:19:HAL_DSI_ConfigHostTimeouts	12	static
C:/Users/Jessie/Documents/TouchGFXProjects/uart_basic_noScreenDisplay/Drivers/STM32U5xx_HAL_Driver/Src/stm32u5xx_hal_dsi.c:1646:19:HAL_DSI_Start	8	static
C:/Users/Jessie/Documents/TouchGFXProjects/uart_basic_noScreenDisplay/Drivers/STM32U5xx_HAL_Driver/Src/stm32u5xx_hal_dsi.c:1669:19:HAL_DSI_Stop	8	static
C:/Users/Jessie/Documents/TouchGFXProjects/uart_basic_noScreenDisplay/Drivers/STM32U5xx_HAL_Driver/Src/stm32u5xx_hal_dsi.c:1692:19:HAL_DSI_Refresh	0	static
C:/Users/Jessie/Documents/TouchGFXProjects/uart_basic_noScreenDisplay/Drivers/STM32U5xx_HAL_Driver/Src/stm32u5xx_hal_dsi.c:1714:19:HAL_DSI_ColorMode	0	static
C:/Users/Jessie/Documents/TouchGFXProjects/uart_basic_noScreenDisplay/Drivers/STM32U5xx_HAL_Driver/Src/stm32u5xx_hal_dsi.c:1740:19:HAL_DSI_Shutdown	0	static
C:/Users/Jessie/Documents/TouchGFXProjects/uart_basic_noScreenDisplay/Drivers/STM32U5xx_HAL_Driver/Src/stm32u5xx_hal_dsi.c:1771:19:HAL_DSI_ShortWrite	24	static
C:/Users/Jessie/Documents/TouchGFXProjects/uart_basic_noScreenDisplay/Drivers/STM32U5xx_HAL_Driver/Src/stm32u5xx_hal_dsi.c:1806:19:HAL_DSI_LongWrite	40	static
C:/Users/Jessie/Documents/TouchGFXProjects/uart_basic_noScreenDisplay/Drivers/STM32U5xx_HAL_Driver/Src/stm32u5xx_hal_dsi.c:1895:19:HAL_DSI_Read	40	static
C:/Users/Jessie/Documents/TouchGFXProjects/uart_basic_noScreenDisplay/Drivers/STM32U5xx_HAL_Driver/Src/stm32u5xx_hal_dsi.c:2011:19:HAL_DSI_EnterULPMData	16	static
C:/Users/Jessie/Documents/TouchGFXProjects/uart_basic_noScreenDisplay/Drivers/STM32U5xx_HAL_Driver/Src/stm32u5xx_hal_dsi.c:2163:19:HAL_DSI_ExitULPMData	24	static
C:/Users/Jessie/Documents/TouchGFXProjects/uart_basic_noScreenDisplay/Drivers/STM32U5xx_HAL_Driver/Src/stm32u5xx_hal_dsi.c:2339:19:HAL_DSI_EnterULPM	24	static
C:/Users/Jessie/Documents/TouchGFXProjects/uart_basic_noScreenDisplay/Drivers/STM32U5xx_HAL_Driver/Src/stm32u5xx_hal_dsi.c:2501:19:HAL_DSI_ExitULPM	24	static
C:/Users/Jessie/Documents/TouchGFXProjects/uart_basic_noScreenDisplay/Drivers/STM32U5xx_HAL_Driver/Src/stm32u5xx_hal_dsi.c:2694:19:HAL_DSI_PatternGeneratorStart	12	static
C:/Users/Jessie/Documents/TouchGFXProjects/uart_basic_noScreenDisplay/Drivers/STM32U5xx_HAL_Driver/Src/stm32u5xx_hal_dsi.c:2718:19:HAL_DSI_PatternGeneratorStop	0	static
C:/Users/Jessie/Documents/TouchGFXProjects/uart_basic_noScreenDisplay/Drivers/STM32U5xx_HAL_Driver/Src/stm32u5xx_hal_dsi.c:2744:19:HAL_DSI_SetLanePinsConfiguration	8	static
C:/Users/Jessie/Documents/TouchGFXProjects/uart_basic_noScreenDisplay/Drivers/STM32U5xx_HAL_Driver/Src/stm32u5xx_hal_dsi.c:2803:19:HAL_DSI_ForceTXStopMode	0	static
C:/Users/Jessie/Documents/TouchGFXProjects/uart_basic_noScreenDisplay/Drivers/STM32U5xx_HAL_Driver/Src/stm32u5xx_hal_dsi.c:2864:22:HAL_DSI_GetState	0	static
C:/Users/Jessie/Documents/TouchGFXProjects/uart_basic_noScreenDisplay/Drivers/STM32U5xx_HAL_Driver/Src/stm32u5xx_hal_dsi.c:2875:10:HAL_DSI_GetError	0	static
