C:/Users/Jessie/Documents/TouchGFXProjects/uart_basic_noScreenDisplay/Drivers/BSP/Components/aps512xx/aps512xx.c:50:9:APS512XX_Read	104	static
C:/Users/Jessie/Documents/TouchGFXProjects/uart_basic_noScreenDisplay/Drivers/BSP/Components/aps512xx/aps512xx.c:100:9:APS512XX_Read_DMA	104	static
C:/Users/Jessie/Documents/TouchGFXProjects/uart_basic_noScreenDisplay/Drivers/BSP/Components/aps512xx/aps512xx.c:151:9:APS512XX_Write	104	static
C:/Users/Jessie/Documents/TouchGFXProjects/uart_basic_noScreenDisplay/Drivers/BSP/Components/aps512xx/aps512xx.c:202:9:APS512XX_Write_DMA	104	static
C:/Users/Jessie/Documents/TouchGFXProjects/uart_basic_noScreenDisplay/Drivers/BSP/Components/aps512xx/aps512xx.c:251:9:APS512XX_EnableMemoryMappedMode	112	static
C:/Users/Jessie/Documents/TouchGFXProjects/uart_basic_noScreenDisplay/Drivers/BSP/Components/aps512xx/aps512xx.c:310:9:APS512XX_ReadReg	104	static
C:/Users/Jessie/Documents/TouchGFXProjects/uart_basic_noScreenDisplay/Drivers/BSP/Components/aps512xx/aps512xx.c:356:9:APS512XX_WriteReg	104	static
C:/Users/Jessie/Documents/TouchGFXProjects/uart_basic_noScreenDisplay/Drivers/BSP/Components/aps512xx/aps512xx.c:404:9:APS512XX_ReadID	8	static
C:/Users/Jessie/Documents/TouchGFXProjects/uart_basic_noScreenDisplay/Drivers/BSP/Components/aps512xx/aps512xx.c:427:9:APS512XX_EnterPowerDown	8	static
C:/Users/Jessie/Documents/TouchGFXProjects/uart_basic_noScreenDisplay/Drivers/BSP/Components/aps512xx/aps512xx.c:447:9:APS512XX_LeavePowerDown	88	static
C:/Users/Jessie/Documents/TouchGFXProjects/uart_basic_noScreenDisplay/Drivers/BSP/Components/aps512xx/aps512xx.c:488:9:APS512XX_Reset	88	static
