C:/Users/Jessie/Documents/TouchGFXProjects/uart_basic_noScreenDisplay/Drivers/BSP/STM32U5x9J-DK/stm32u5x9j_discovery_bus.c:2058:17:I2C_GetTiming	104	static
C:/Users/Jessie/Documents/TouchGFXProjects/uart_basic_noScreenDisplay/Drivers/BSP/STM32U5x9J-DK/stm32u5x9j_discovery_bus.c:275:9:BSP_I2C5_DeInit	8	static
C:/Users/Jessie/Documents/TouchGFXProjects/uart_basic_noScreenDisplay/Drivers/BSP/STM32U5x9J-DK/stm32u5x9j_discovery_bus.c:303:26:MX_I2C5_Init	8	static
C:/Users/Jessie/Documents/TouchGFXProjects/uart_basic_noScreenDisplay/Drivers/BSP/STM32U5x9J-DK/stm32u5x9j_discovery_bus.c:225:9:BSP_I2C5_Init	56	static
C:/Users/Jessie/Documents/TouchGFXProjects/uart_basic_noScreenDisplay/Drivers/BSP/STM32U5x9J-DK/stm32u5x9j_discovery_bus.c:349:9:BSP_I2C5_WriteReg	24	static
C:/Users/Jessie/Documents/TouchGFXProjects/uart_basic_noScreenDisplay/Drivers/BSP/STM32U5x9J-DK/stm32u5x9j_discovery_bus.c:388:9:BSP_I2C5_ReadReg	24	static
C:/Users/Jessie/Documents/TouchGFXProjects/uart_basic_noScreenDisplay/Drivers/BSP/STM32U5x9J-DK/stm32u5x9j_discovery_bus.c:427:9:BSP_I2C5_WriteReg16	24	static
C:/Users/Jessie/Documents/TouchGFXProjects/uart_basic_noScreenDisplay/Drivers/BSP/STM32U5x9J-DK/stm32u5x9j_discovery_bus.c:466:9:BSP_I2C5_ReadReg16	24	static
C:/Users/Jessie/Documents/TouchGFXProjects/uart_basic_noScreenDisplay/Drivers/BSP/STM32U5x9J-DK/stm32u5x9j_discovery_bus.c:504:9:BSP_I2C5_Recv	16	static
C:/Users/Jessie/Documents/TouchGFXProjects/uart_basic_noScreenDisplay/Drivers/BSP/STM32U5x9J-DK/stm32u5x9j_discovery_bus.c:542:9:BSP_I2C5_Send	16	static
C:/Users/Jessie/Documents/TouchGFXProjects/uart_basic_noScreenDisplay/Drivers/BSP/STM32U5x9J-DK/stm32u5x9j_discovery_bus.c:580:9:BSP_I2C5_IsReady	8	static
C:/Users/Jessie/Documents/TouchGFXProjects/uart_basic_noScreenDisplay/Drivers/BSP/STM32U5x9J-DK/stm32u5x9j_discovery_bus.c:729:9:BSP_I2C4_DeInit	8	static
C:/Users/Jessie/Documents/TouchGFXProjects/uart_basic_noScreenDisplay/Drivers/BSP/STM32U5x9J-DK/stm32u5x9j_discovery_bus.c:757:26:MX_I2C4_Init	0	static
C:/Users/Jessie/Documents/TouchGFXProjects/uart_basic_noScreenDisplay/Drivers/BSP/STM32U5x9J-DK/stm32u5x9j_discovery_bus.c:679:9:BSP_I2C4_Init	64	static
C:/Users/Jessie/Documents/TouchGFXProjects/uart_basic_noScreenDisplay/Drivers/BSP/STM32U5x9J-DK/stm32u5x9j_discovery_bus.c:803:9:BSP_I2C4_WriteReg	24	static
C:/Users/Jessie/Documents/TouchGFXProjects/uart_basic_noScreenDisplay/Drivers/BSP/STM32U5x9J-DK/stm32u5x9j_discovery_bus.c:842:9:BSP_I2C4_ReadReg	24	static
C:/Users/Jessie/Documents/TouchGFXProjects/uart_basic_noScreenDisplay/Drivers/BSP/STM32U5x9J-DK/stm32u5x9j_discovery_bus.c:881:9:BSP_I2C4_WriteReg16	24	static
C:/Users/Jessie/Documents/TouchGFXProjects/uart_basic_noScreenDisplay/Drivers/BSP/STM32U5x9J-DK/stm32u5x9j_discovery_bus.c:920:9:BSP_I2C4_ReadReg16	24	static
C:/Users/Jessie/Documents/TouchGFXProjects/uart_basic_noScreenDisplay/Drivers/BSP/STM32U5x9J-DK/stm32u5x9j_discovery_bus.c:958:9:BSP_I2C4_Recv	16	static
C:/Users/Jessie/Documents/TouchGFXProjects/uart_basic_noScreenDisplay/Drivers/BSP/STM32U5x9J-DK/stm32u5x9j_discovery_bus.c:996:9:BSP_I2C4_Send	16	static
C:/Users/Jessie/Documents/TouchGFXProjects/uart_basic_noScreenDisplay/Drivers/BSP/STM32U5x9J-DK/stm32u5x9j_discovery_bus.c:1034:9:BSP_I2C4_IsReady	8	static
C:/Users/Jessie/Documents/TouchGFXProjects/uart_basic_noScreenDisplay/Drivers/BSP/STM32U5x9J-DK/stm32u5x9j_discovery_bus.c:1184:9:BSP_I2C3_DeInit	8	static
C:/Users/Jessie/Documents/TouchGFXProjects/uart_basic_noScreenDisplay/Drivers/BSP/STM32U5x9J-DK/stm32u5x9j_discovery_bus.c:1212:26:MX_I2C3_Init	0	static
C:/Users/Jessie/Documents/TouchGFXProjects/uart_basic_noScreenDisplay/Drivers/BSP/STM32U5x9J-DK/stm32u5x9j_discovery_bus.c:1134:9:BSP_I2C3_Init	64	static
C:/Users/Jessie/Documents/TouchGFXProjects/uart_basic_noScreenDisplay/Drivers/BSP/STM32U5x9J-DK/stm32u5x9j_discovery_bus.c:1258:9:BSP_I2C3_WriteReg	24	static
C:/Users/Jessie/Documents/TouchGFXProjects/uart_basic_noScreenDisplay/Drivers/BSP/STM32U5x9J-DK/stm32u5x9j_discovery_bus.c:1297:9:BSP_I2C3_ReadReg	24	static
C:/Users/Jessie/Documents/TouchGFXProjects/uart_basic_noScreenDisplay/Drivers/BSP/STM32U5x9J-DK/stm32u5x9j_discovery_bus.c:1336:9:BSP_I2C3_WriteReg16	24	static
C:/Users/Jessie/Documents/TouchGFXProjects/uart_basic_noScreenDisplay/Drivers/BSP/STM32U5x9J-DK/stm32u5x9j_discovery_bus.c:1375:9:BSP_I2C3_ReadReg16	24	static
C:/Users/Jessie/Documents/TouchGFXProjects/uart_basic_noScreenDisplay/Drivers/BSP/STM32U5x9J-DK/stm32u5x9j_discovery_bus.c:1413:9:BSP_I2C3_Recv	16	static
C:/Users/Jessie/Documents/TouchGFXProjects/uart_basic_noScreenDisplay/Drivers/BSP/STM32U5x9J-DK/stm32u5x9j_discovery_bus.c:1451:9:BSP_I2C3_Send	16	static
C:/Users/Jessie/Documents/TouchGFXProjects/uart_basic_noScreenDisplay/Drivers/BSP/STM32U5x9J-DK/stm32u5x9j_discovery_bus.c:1489:9:BSP_I2C3_IsReady	8	static
C:/Users/Jessie/Documents/TouchGFXProjects/uart_basic_noScreenDisplay/Drivers/BSP/STM32U5x9J-DK/stm32u5x9j_discovery_bus.c:1563:9:BSP_I2C2_DeInit	8	static
C:/Users/Jessie/Documents/TouchGFXProjects/uart_basic_noScreenDisplay/Drivers/BSP/STM32U5x9J-DK/stm32u5x9j_discovery_bus.c:1591:26:MX_I2C2_Init	0	static
C:/Users/Jessie/Documents/TouchGFXProjects/uart_basic_noScreenDisplay/Drivers/BSP/STM32U5x9J-DK/stm32u5x9j_discovery_bus.c:1513:9:BSP_I2C2_Init	64	static
C:/Users/Jessie/Documents/TouchGFXProjects/uart_basic_noScreenDisplay/Drivers/BSP/STM32U5x9J-DK/stm32u5x9j_discovery_bus.c:1637:9:BSP_I2C2_WriteReg	24	static
C:/Users/Jessie/Documents/TouchGFXProjects/uart_basic_noScreenDisplay/Drivers/BSP/STM32U5x9J-DK/stm32u5x9j_discovery_bus.c:1676:9:BSP_I2C2_ReadReg	24	static
C:/Users/Jessie/Documents/TouchGFXProjects/uart_basic_noScreenDisplay/Drivers/BSP/STM32U5x9J-DK/stm32u5x9j_discovery_bus.c:1715:9:BSP_I2C2_WriteReg16	24	static
C:/Users/Jessie/Documents/TouchGFXProjects/uart_basic_noScreenDisplay/Drivers/BSP/STM32U5x9J-DK/stm32u5x9j_discovery_bus.c:1754:9:BSP_I2C2_ReadReg16	24	static
C:/Users/Jessie/Documents/TouchGFXProjects/uart_basic_noScreenDisplay/Drivers/BSP/STM32U5x9J-DK/stm32u5x9j_discovery_bus.c:1792:9:BSP_I2C2_Recv	16	static
C:/Users/Jessie/Documents/TouchGFXProjects/uart_basic_noScreenDisplay/Drivers/BSP/STM32U5x9J-DK/stm32u5x9j_discovery_bus.c:1830:9:BSP_I2C2_Send	16	static
C:/Users/Jessie/Documents/TouchGFXProjects/uart_basic_noScreenDisplay/Drivers/BSP/STM32U5x9J-DK/stm32u5x9j_discovery_bus.c:1868:9:BSP_I2C2_IsReady	8	static
C:/Users/Jessie/Documents/TouchGFXProjects/uart_basic_noScreenDisplay/Drivers/BSP/STM32U5x9J-DK/stm32u5x9j_discovery_bus.c:1892:9:BSP_GetTick	0	static
