C:/Users/Jessie/Documents/TouchGFXProjects/uart_basic_noScreenDisplay/Drivers/BSP/STM32U5x9J-DK/stm32u5x9j_discovery_ts.c:114:9:BSP_TS_Init	64	static
C:/Users/Jessie/Documents/TouchGFXProjects/uart_basic_noScreenDisplay/Drivers/BSP/STM32U5x9J-DK/stm32u5x9j_discovery_ts.c:166:9:BSP_TS_DeInit	8	static
C:/Users/Jessie/Documents/TouchGFXProjects/uart_basic_noScreenDisplay/Drivers/BSP/STM32U5x9J-DK/stm32u5x9j_discovery_ts.c:191:9:BSP_TS_EnableIT	32	static
C:/Users/Jessie/Documents/TouchGFXProjects/uart_basic_noScreenDisplay/Drivers/BSP/STM32U5x9J-DK/stm32u5x9j_discovery_ts.c:219:9:BSP_TS_DisableIT	0	static
C:/Users/Jessie/Documents/TouchGFXProjects/uart_basic_noScreenDisplay/Drivers/BSP/STM32U5x9J-DK/stm32u5x9j_discovery_ts.c:234:9:BSP_TS_Set_Orientation	8	static
C:/Users/Jessie/Documents/TouchGFXProjects/uart_basic_noScreenDisplay/Drivers/BSP/STM32U5x9J-DK/stm32u5x9j_discovery_ts.c:282:9:BSP_TS_Get_Orientation	0	static
C:/Users/Jessie/Documents/TouchGFXProjects/uart_basic_noScreenDisplay/Drivers/BSP/STM32U5x9J-DK/stm32u5x9j_discovery_ts.c:305:9:BSP_TS_GetState	40	static
C:/Users/Jessie/Documents/TouchGFXProjects/uart_basic_noScreenDisplay/Drivers/BSP/STM32U5x9J-DK/stm32u5x9j_discovery_ts.c:375:9:BSP_TS_Get_MultiTouchState	0	static
C:/Users/Jessie/Documents/TouchGFXProjects/uart_basic_noScreenDisplay/Drivers/BSP/STM32U5x9J-DK/stm32u5x9j_discovery_ts.c:400:9:BSP_TS_GestureConfig	0	static
C:/Users/Jessie/Documents/TouchGFXProjects/uart_basic_noScreenDisplay/Drivers/BSP/STM32U5x9J-DK/stm32u5x9j_discovery_ts.c:423:9:BSP_TS_GetGestureId	0	static
C:/Users/Jessie/Documents/TouchGFXProjects/uart_basic_noScreenDisplay/Drivers/BSP/STM32U5x9J-DK/stm32u5x9j_discovery_ts.c:446:9:BSP_TS_GetCapabilities	8	static
C:/Users/Jessie/Documents/TouchGFXProjects/uart_basic_noScreenDisplay/Drivers/BSP/STM32U5x9J-DK/stm32u5x9j_discovery_ts.c:483:13:BSP_TS_Callback	0	static
C:/Users/Jessie/Documents/TouchGFXProjects/uart_basic_noScreenDisplay/Drivers/BSP/STM32U5x9J-DK/stm32u5x9j_discovery_ts.c:497:6:BSP_TS_IRQHandler	0	static
