../../Middlewares/ST/touchgfx/framework/include/touchgfx/hal/HAL.hpp:124:18:virtual void touchgfx::HAL::setDisplayOrientation(touchgfx::DisplayOrientation)	0	static
../../Middlewares/ST/touchgfx/framework/include/touchgfx/hal/HAL.hpp:670:18:virtual bool touchgfx::HAL::sampleKey(uint8_t&)	0	static
../../Middlewares/ST/touchgfx/framework/include/touchgfx/hal/HAL.hpp:737:18:virtual void touchgfx::HAL::setAnimationStorage(void*)	0	static
../../Middlewares/ST/touchgfx/framework/include/touchgfx/hal/HAL.hpp:876:30:virtual touchgfx::FlashDataReader* touchgfx::HAL::getFlashDataReader() const	0	static
../../Middlewares/ST/touchgfx/framework/include/touchgfx/hal/HAL.hpp:1025:18:virtual void touchgfx::HAL::taskDelay(uint16_t)	0	static
../../Middlewares/ST/touchgfx/framework/include/touchgfx/hal/HAL.hpp:1052:22:virtual uint16_t touchgfx::HAL::getTFTCurrentLine()	0	static
../../Middlewares/ST/touchgfx/framework/include/touchgfx/hal/HAL.hpp:1063:21:virtual touchgfx::DMAType touchgfx::HAL::getDMAType()	0	static
../../Middlewares/ST/touchgfx/framework/include/touchgfx/hal/HAL.hpp:1189:18:virtual void touchgfx::HAL::InvalidateCache()	0	static
../../Middlewares/ST/touchgfx/framework/include/touchgfx/hal/HAL.hpp:1199:18:virtual void touchgfx::HAL::FlushCache()	0	static
../../TouchGFX/Target/TouchGFXHAL.hpp:37:7:TouchGFXHAL::~TouchGFXHAL()	0	static
C:/Users/Jessie/Documents/TouchGFXProjects/uart_basic_noScreenDisplay/TouchGFX/Target/TouchGFXHAL.cpp:48:6:virtual void TouchGFXHAL::initialize()	16	static
C:/Users/Jessie/Documents/TouchGFXProjects/uart_basic_noScreenDisplay/TouchGFX/Target/TouchGFXHAL.cpp:79:11:virtual uint16_t* TouchGFXHAL::getTFTFrameBuffer() const	0	static
C:/Users/Jessie/Documents/TouchGFXProjects/uart_basic_noScreenDisplay/TouchGFX/Target/TouchGFXHAL.cpp:94:6:virtual void TouchGFXHAL::setTFTFrameBuffer(uint16_t*)	24	static
C:/Users/Jessie/Documents/TouchGFXProjects/uart_basic_noScreenDisplay/TouchGFX/Target/TouchGFXHAL.cpp:112:6:virtual void TouchGFXHAL::flushFrameBuffer(const touchgfx::Rect&)	0	static
C:/Users/Jessie/Documents/TouchGFXProjects/uart_basic_noScreenDisplay/TouchGFX/Target/TouchGFXHAL.cpp:127:6:virtual bool TouchGFXHAL::blockCopy(void*, const void*, uint32_t)	0	static
C:/Users/Jessie/Documents/TouchGFXProjects/uart_basic_noScreenDisplay/TouchGFX/Target/TouchGFXHAL.cpp:136:6:virtual void TouchGFXHAL::configureInterrupts()	8	static
C:/Users/Jessie/Documents/TouchGFXProjects/uart_basic_noScreenDisplay/TouchGFX/Target/TouchGFXHAL.cpp:176:6:virtual void TouchGFXHAL::enableLCDControllerInterrupt()	0	static
C:/Users/Jessie/Documents/TouchGFXProjects/uart_basic_noScreenDisplay/TouchGFX/Target/TouchGFXHAL.cpp:186:6:virtual bool TouchGFXHAL::beginFrame()	0	static
C:/Users/Jessie/Documents/TouchGFXProjects/uart_basic_noScreenDisplay/TouchGFX/Target/TouchGFXHAL.cpp:191:6:virtual void TouchGFXHAL::endFrame()	24	static
../../Middlewares/ST/touchgfx/framework/include/touchgfx/hal/HAL.hpp:638:18:virtual void touchgfx::HAL::backPorchExited()	8	static
../../TouchGFX/Target/TouchGFXHAL.hpp:122:18:virtual void TouchGFXHAL::flushFrameBuffer()	0	static
../../TouchGFX/Target/TouchGFXHAL.hpp:37:7:virtual TouchGFXHAL::~TouchGFXHAL()	8	static
../../Middlewares/ST/touchgfx/framework/include/touchgfx/hal/HAL.hpp:1162:18:virtual void touchgfx::HAL::performDisplayOrientationChange()	8	static
../../Middlewares/ST/touchgfx/framework/include/touchgfx/hal/HAL.hpp:156:18:virtual void touchgfx::HAL::setFrameBufferSize(uint16_t, uint16_t)	8	static
C:/Users/Jessie/Documents/TouchGFXProjects/uart_basic_noScreenDisplay/TouchGFX/Target/TouchGFXHAL.cpp:162:6:virtual void TouchGFXHAL::disableInterrupts()	8	static,ignoring_inline_asm
C:/Users/Jessie/Documents/TouchGFXProjects/uart_basic_noScreenDisplay/TouchGFX/Target/TouchGFXHAL.cpp:149:6:virtual void TouchGFXHAL::enableInterrupts()	8	static,ignoring_inline_asm
../../Middlewares/ST/touchgfx/framework/include/touchgfx/hal/HAL.hpp:320:28:virtual touchgfx::BlitOperations touchgfx::HAL::getBlitCaps()	0	static
C:/Users/Jessie/Documents/TouchGFXProjects/uart_basic_noScreenDisplay/TouchGFX/Target/TouchGFXHAL.cpp:64:6:virtual void TouchGFXHAL::setFrameBufferStartAddresses(void*, void*, void*)	24	static
C:/Users/Jessie/Documents/TouchGFXProjects/uart_basic_noScreenDisplay/TouchGFX/Target/TouchGFXHAL.cpp:209:19:long int IdleTaskHook(void*)	8	static
C:/Users/Jessie/Documents/TouchGFXProjects/uart_basic_noScreenDisplay/TouchGFX/Target/TouchGFXHAL.cpp:221:1:cpp)	0	static
