C:/Users/Jessie/Documents/TouchGFXProjects/uart_basic_noScreenDisplay/Core/Src/main.c:416:13:MX_DSIHOST_DSI_Init	9
C:/Users/Jessie/Documents/TouchGFXProjects/uart_basic_noScreenDisplay/Core/Src/main.c:660:13:MX_LTDC_Init	31
C:/Users/Jessie/Documents/TouchGFXProjects/uart_basic_noScreenDisplay/Core/Src/main.c:101:6:HAL_UARTEx_RxEventCallback	1
C:/Users/Jessie/Documents/TouchGFXProjects/uart_basic_noScreenDisplay/Core/Src/main.c:191:6:SystemClock_Config	4
C:/Users/Jessie/Documents/TouchGFXProjects/uart_basic_noScreenDisplay/Core/Src/main.c:246:6:PeriphCommonClock_Config	2
C:/Users/Jessie/Documents/TouchGFXProjects/uart_basic_noScreenDisplay/Core/Src/main.c:115:5:main	35
C:/Users/Jessie/Documents/TouchGFXProjects/uart_basic_noScreenDisplay/Core/Src/main.c:1282:6:HAL_TIM_PeriodElapsedCallback	2
C:/Users/Jessie/Documents/TouchGFXProjects/uart_basic_noScreenDisplay/Core/Src/main.c:1299:6:Error_Handler	1
