C:/Users/Jessie/Documents/TouchGFXProjects/uart_basic_noScreenDisplay/Core/Src/stm32u5xx_hal_msp.c:65:6:HAL_MspInit	8	static
C:/Users/Jessie/Documents/TouchGFXProjects/uart_basic_noScreenDisplay/Core/Src/stm32u5xx_hal_msp.c:89:6:HAL_CRC_MspInit	8	static
C:/Users/Jessie/Documents/TouchGFXProjects/uart_basic_noScreenDisplay/Core/Src/stm32u5xx_hal_msp.c:111:6:HAL_CRC_MspDeInit	0	static
C:/Users/Jessie/Documents/TouchGFXProjects/uart_basic_noScreenDisplay/Core/Src/stm32u5xx_hal_msp.c:133:6:HAL_DCACHE_MspInit	8	static
C:/Users/Jessie/Documents/TouchGFXProjects/uart_basic_noScreenDisplay/Core/Src/stm32u5xx_hal_msp.c:166:6:HAL_DCACHE_MspDeInit	0	static
C:/Users/Jessie/Documents/TouchGFXProjects/uart_basic_noScreenDisplay/Core/Src/stm32u5xx_hal_msp.c:199:6:HAL_DMA2D_MspInit	16	static
C:/Users/Jessie/Documents/TouchGFXProjects/uart_basic_noScreenDisplay/Core/Src/stm32u5xx_hal_msp.c:224:6:HAL_DMA2D_MspDeInit	0	static
C:/Users/Jessie/Documents/TouchGFXProjects/uart_basic_noScreenDisplay/Core/Src/stm32u5xx_hal_msp.c:249:6:HAL_DSI_MspInit	8	static
C:/Users/Jessie/Documents/TouchGFXProjects/uart_basic_noScreenDisplay/Core/Src/stm32u5xx_hal_msp.c:271:6:HAL_DSI_MspDeInit	0	static
C:/Users/Jessie/Documents/TouchGFXProjects/uart_basic_noScreenDisplay/Core/Src/stm32u5xx_hal_msp.c:293:6:HAL_GPU2D_MspInit	16	static
C:/Users/Jessie/Documents/TouchGFXProjects/uart_basic_noScreenDisplay/Core/Src/stm32u5xx_hal_msp.c:321:6:HAL_GPU2D_MspDeInit	8	static
C:/Users/Jessie/Documents/TouchGFXProjects/uart_basic_noScreenDisplay/Core/Src/stm32u5xx_hal_msp.c:348:6:HAL_XSPI_MspInit	0	static
C:/Users/Jessie/Documents/TouchGFXProjects/uart_basic_noScreenDisplay/Core/Src/stm32u5xx_hal_msp.c:434:6:HAL_XSPI_MspDeInit	0	static
C:/Users/Jessie/Documents/TouchGFXProjects/uart_basic_noScreenDisplay/Core/Src/stm32u5xx_hal_msp.c:488:6:HAL_LTDC_MspInit	16	static
C:/Users/Jessie/Documents/TouchGFXProjects/uart_basic_noScreenDisplay/Core/Src/stm32u5xx_hal_msp.c:515:6:HAL_LTDC_MspDeInit	8	static
C:/Users/Jessie/Documents/TouchGFXProjects/uart_basic_noScreenDisplay/Core/Src/stm32u5xx_hal_msp.c:541:6:HAL_OSPI_MspInit	288	static
C:/Users/Jessie/Documents/TouchGFXProjects/uart_basic_noScreenDisplay/Core/Src/stm32u5xx_hal_msp.c:637:6:HAL_OSPI_MspDeInit	8	static
C:/Users/Jessie/Documents/TouchGFXProjects/uart_basic_noScreenDisplay/Core/Src/stm32u5xx_hal_msp.c:681:6:HAL_TIM_Base_MspInit	8	static
C:/Users/Jessie/Documents/TouchGFXProjects/uart_basic_noScreenDisplay/Core/Src/stm32u5xx_hal_msp.c:697:6:HAL_TIM_MspPostInit	32	static
C:/Users/Jessie/Documents/TouchGFXProjects/uart_basic_noScreenDisplay/Core/Src/stm32u5xx_hal_msp.c:729:6:HAL_TIM_Base_MspDeInit	0	static
C:/Users/Jessie/Documents/TouchGFXProjects/uart_basic_noScreenDisplay/Core/Src/stm32u5xx_hal_msp.c:751:6:HAL_UART_MspInit	264	static
C:/Users/Jessie/Documents/TouchGFXProjects/uart_basic_noScreenDisplay/Core/Src/stm32u5xx_hal_msp.c:801:6:HAL_UART_MspDeInit	8	static
